// Vitest Snapshot v1, https://vitest.dev/guide/snapshot.html

exports[`Checkout Card Component > matches snapshot 1`] = `
<div>
  <div
    class="_card_65c2c8"
    data-testid="checkout-container"
  >
    <div
      class="_info_65c2c8"
    >
      <h3>
        Subtotal:
      </h3>
      <h3>
        200
         $
      </h3>
    </div>
    <div
      class="_info_65c2c8"
    >
      <h3>
        Shipping:
      </h3>
      <h3>
        Free
      </h3>
    </div>
    <div
      class="_info_65c2c8"
    >
      <h2>
        Total:
      </h2>
      <h2>
        200
         $
      </h2>
    </div>
    <button>
      Checkout
    </button>
  </div>
</div>
`;
