// Vitest Snapshot v1, https://vitest.dev/guide/snapshot.html

exports[`Product Card component > matches snapshot 1`] = `
<div>
  <div
    class="_productCard_824104"
    data-testid="product-container"
  >
    <a
      data-discover="true"
      href="/shop/products/1"
    >
      <img
        alt="test"
        src="..."
      />
    </a>
    <div
      class="_input_824104"
    >
      <a
        data-discover="true"
        href="/shop/products/1"
      >
        test
      </a>
      <div>
        <h3>
          Total: 
          69
           $
        </h3>
        <label
          for="quantity"
        />
        <button
          type="button"
        >
          -
        </button>
        <input
          id="quantity"
          max="100"
          min="1"
          type="number"
          value="1"
        />
        <button
          class="increment"
          type="button"
        >
          +
        </button>
      </div>
    </div>
    <button
      type="button"
    >
      X
    </button>
  </div>
</div>
`;
