// Vitest Snapshot v1, https://vitest.dev/guide/snapshot.html

exports[`Details Component > matches snapshot 1`] = `
<div>
  <div>
    <h1>
      SHOP ROUTE
    </h1>
    <div
      class="_detail_f1ce5d"
      data-testid="container"
    >
      <div
        class="_details_f1ce5d"
      >
        <img
          alt="test"
          src="..."
        />
        <div
          class="_right_f1ce5d"
        >
          <h1>
            test
          </h1>
          <h2
            class="_rating_f1ce5d"
          >
            <div
              class="_star_f1ce5d"
            >
              <svg
                class="lucide lucide-star"
                fill="yellow"
                height="30"
                stroke="grey"
                stroke-linecap="round"
                stroke-linejoin="round"
                stroke-width="2"
                viewBox="0 0 24 24"
                width="30"
                xmlns="http://www.w3.org/2000/svg"
              >
                <path
                  d="M11.525 2.295a.53.53 0 0 1 .95 0l2.31 4.679a2.123 2.123 0 0 0 1.595 1.16l5.166.756a.53.53 0 0 1 .294.904l-3.736 3.638a2.123 2.123 0 0 0-.611 1.878l.882 5.14a.53.53 0 0 1-.771.56l-4.618-2.428a2.122 2.122 0 0 0-1.973 0L6.396 21.01a.53.53 0 0 1-.77-.56l.881-5.139a2.122 2.122 0 0 0-.611-1.879L2.16 9.795a.53.53 0 0 1 .294-.906l5.165-.755a2.122 2.122 0 0 0 1.597-1.16z"
                />
              </svg>
              <svg
                class="lucide lucide-star"
                fill="yellow"
                height="30"
                stroke="grey"
                stroke-linecap="round"
                stroke-linejoin="round"
                stroke-width="2"
                viewBox="0 0 24 24"
                width="30"
                xmlns="http://www.w3.org/2000/svg"
              >
                <path
                  d="M11.525 2.295a.53.53 0 0 1 .95 0l2.31 4.679a2.123 2.123 0 0 0 1.595 1.16l5.166.756a.53.53 0 0 1 .294.904l-3.736 3.638a2.123 2.123 0 0 0-.611 1.878l.882 5.14a.53.53 0 0 1-.771.56l-4.618-2.428a2.122 2.122 0 0 0-1.973 0L6.396 21.01a.53.53 0 0 1-.77-.56l.881-5.139a2.122 2.122 0 0 0-.611-1.879L2.16 9.795a.53.53 0 0 1 .294-.906l5.165-.755a2.122 2.122 0 0 0 1.597-1.16z"
                />
              </svg>
              <svg
                class="lucide lucide-star"
                fill="yellow"
                height="30"
                stroke="grey"
                stroke-linecap="round"
                stroke-linejoin="round"
                stroke-width="2"
                viewBox="0 0 24 24"
                width="30"
                xmlns="http://www.w3.org/2000/svg"
              >
                <path
                  d="M11.525 2.295a.53.53 0 0 1 .95 0l2.31 4.679a2.123 2.123 0 0 0 1.595 1.16l5.166.756a.53.53 0 0 1 .294.904l-3.736 3.638a2.123 2.123 0 0 0-.611 1.878l.882 5.14a.53.53 0 0 1-.771.56l-4.618-2.428a2.122 2.122 0 0 0-1.973 0L6.396 21.01a.53.53 0 0 1-.77-.56l.881-5.139a2.122 2.122 0 0 0-.611-1.879L2.16 9.795a.53.53 0 0 1 .294-.906l5.165-.755a2.122 2.122 0 0 0 1.597-1.16z"
                />
              </svg>
              <svg
                class="lucide lucide-star"
                fill="yellow"
                height="30"
                stroke="grey"
                stroke-linecap="round"
                stroke-linejoin="round"
                stroke-width="2"
                viewBox="0 0 24 24"
                width="30"
                xmlns="http://www.w3.org/2000/svg"
              >
                <path
                  d="M11.525 2.295a.53.53 0 0 1 .95 0l2.31 4.679a2.123 2.123 0 0 0 1.595 1.16l5.166.756a.53.53 0 0 1 .294.904l-3.736 3.638a2.123 2.123 0 0 0-.611 1.878l.882 5.14a.53.53 0 0 1-.771.56l-4.618-2.428a2.122 2.122 0 0 0-1.973 0L6.396 21.01a.53.53 0 0 1-.77-.56l.881-5.139a2.122 2.122 0 0 0-.611-1.879L2.16 9.795a.53.53 0 0 1 .294-.906l5.165-.755a2.122 2.122 0 0 0 1.597-1.16z"
                />
              </svg>
              <svg
                class="lucide lucide-star"
                fill="yellow"
                height="30"
                stroke="grey"
                stroke-linecap="round"
                stroke-linejoin="round"
                stroke-width="2"
                viewBox="0 0 24 24"
                width="30"
                xmlns="http://www.w3.org/2000/svg"
              >
                <path
                  d="M11.525 2.295a.53.53 0 0 1 .95 0l2.31 4.679a2.123 2.123 0 0 0 1.595 1.16l5.166.756a.53.53 0 0 1 .294.904l-3.736 3.638a2.123 2.123 0 0 0-.611 1.878l.882 5.14a.53.53 0 0 1-.771.56l-4.618-2.428a2.122 2.122 0 0 0-1.973 0L6.396 21.01a.53.53 0 0 1-.77-.56l.881-5.139a2.122 2.122 0 0 0-.611-1.879L2.16 9.795a.53.53 0 0 1 .294-.906l5.165-.755a2.122 2.122 0 0 0 1.597-1.16z"
                />
              </svg>
            </div>
             (
            69
            )
          </h2>
          <h2>
            Price: 
            69
            $
          </h2>
          <h2>
            Description:
          </h2>
          <p>
            ...
          </p>
          <form
            class="_quantity_f1ce5d"
          >
            <div>
              <label
                for="quantity"
              />
              <button
                type="button"
              >
                -
              </button>
              <input
                id="quantity"
                max="100"
                min="1"
                type="number"
                value="1"
              />
              <button
                class="increment"
                type="button"
              >
                +
              </button>
            </div>
            <button
              type="submit"
            >
              Add to Cart
            </button>
          </form>
        </div>
      </div>
    </div>
  </div>
</div>
`;
