// Vitest Snapshot v1, https://vitest.dev/guide/snapshot.html

exports[`Product Card component > matches snapshot 1`] = `
<div>
  <div
    class="_card_621a75"
    data-testid="container"
  >
    <a
      data-discover="true"
      href="/products/1"
    >
      <img
        alt="test"
        src="..."
      />
    </a>
    <a
      data-discover="true"
      href="/products/1"
    >
      test
    </a>
    <form
      class="_quantity_621a75"
    >
      <div
        class="_input_621a75"
      >
        <h4>
          69
          Â $
        </h4>
        <label
          for="quantity"
        />
        <button
          type="button"
        >
          -
        </button>
        <input
          id="quantity"
          max="100"
          min="1"
          type="number"
          value="1"
        />
        <button
          class="increment"
          type="button"
        >
          +
        </button>
      </div>
      <button
        type="submit"
      >
        Add to Cart
      </button>
    </form>
  </div>
</div>
`;
