// Vitest Snapshot v1, https://vitest.dev/guide/snapshot.html

exports[`Shop Component with products no loading > matches snapshot 1`] = `undefined`;
